[www.lequipe.fr/explore/golf-l-ennemi-interieur/index.html]
[www.lemonde.fr/sport/article/2012/12/20/du-podium-au-bloc-operatoire-le-champion-face-au-defi-de-la-grave-blessure_1808823_3242.html]
[www.coachvi.blogspot.com/index.f.delayed]
[www.lequipe.fr/Tennis/Actualites/Heroique-murray/312364.html]
[www.dailymotion.com/video/x3wqhp_extrait-les-bronzes-font-du-ski_fun.14.delayed]
[www.youtube.com/v/OdjlQ0ChJbo&hl=en&fs=1&rel=0&autoplay=1.swf]
[www.youtube.com/embed/OdjlQ0ChJbo5b2e5b2e.html]
[www.lequipe.fr/explore/golf-l-ennemi-interieur/index.html]
[www.lemonde.fr/sport/article/2012/12/20/du-podium-au-bloc-operatoire-le-champion-face-au-defi-de-la-grave-blessure_1808823_3242.html]
[www.20minutes.fr/sport/1491543-20141130-video-coupe-davis-yannick-noah-pret-redevenir-capitaine-si-joueurs-demandent.html]
[www.20minutes.fr/sport/1360005-20140424-20140424-au-dela-fantasmes-footballeur-depressif-comme-autre4594.html]
[www.ligue.fft.fr/formationcentre/index.html]
[www.trans-faire.fr/fr/formation-psychologie-du-sport-et-preparateur-mental-parise24e.html]
[www.antoineauriol.com/index.html]
[www.lematin.ch/sports/tennis/john-mcenroe-victime-amour-318559/index.html]
[www.lequipe.fr/Tennis/Actualites/Heroique-murray/312364.html]
[www.welovetennis.fr/interviews/11316-claude-onesta-la-victoire-genere-un-etat-qui-nest-pas-propice-au-travail.html]
[www.kinesport.info/Paul-Dorochenko-Entrainer-Federer-n-etait-pas-de-tout-repos_a1591.html]
[www.lexpress.fr/actualite/sport/tennis/roland-garros-pere-et-entraineur-quel-est-le-probleme_1254227.html]
[www.youtube.com/embed/OdjlQ0ChJbo5b2e5b2e.html]
[www.psychologiesport.com/article-recettes-magiques-pour-progresser-mentalement-52543477.html]
[www.amazon.fr/gp/product/2711770613/ref=as_li_tf_ilccdeccde.html]
[www.lexpress.fr/education/la-competition-entre-enfants-ne-doit-pas-faire-oublier-les-valeurs-du-sport_1221727.html]
[www.amazon.fr/Le-mental-coachs-Hubert-Ripoll/dp/2228907634/ref=sr_1_1e6d9e6d9.html]
[www.pokerstars.fr/index.html]
[www.slate.fr/story/8055/serena-williams-quand-les-sportifs-craquent-maj.html]
